Símbolo         Valor Decimal   Valor Hexadecimal
-------         -------------   -----------------
LOOP_IDENTIFICACAO        256                 100
JMP_WAIT_ENTER_0          268                 10C
PEDE_NUM_PAREDE           282                 11A
TESTA_DIGITOS_PAREDE      404                 194
ERRO_PAREDE               405                 195
FIM_PROGRAMA              406                 196
LIMPA_DISPLAY             423                 1A7
KBHIT                       0                   0
GETCHAR                     1                   1
PUTCHAR                     2                   2
PUTMSG                      3                   3
SETCURSOR                   4                   4
SETWALL                     5                   5
READ                        6                   6
MOVE00                      7                   7
MOVE                        8                   8
MOVING                      9                   9
GETCAMERA                  10                   A
_SISTEMA                  128                  80
ENTER                      13                   D
BACKSPACE                   8                   8
SPACE                      20                  14
ASCII_ZERO                 30                  1E
ASCII_UM                   31                  1F
ASCII_DOIS                 32                  20
ASCII_TRES                 33                  21
ASCII_QUATRO               34                  22
ASCII_CINCO                35                  23
ASCII_SEIS                 36                  24
ASCII_SETE                 37                  25
ASCII_OITO                 38                  26
ASCII_NOVE                 39                  27
AUX0                    15000                3A98
MSB_PAREDE              15001                3A99
LSB_PAREDE              15002                3A9A
MSG_CLEAR_SCREEN        15003                3A9B
MSG_IDENTIFICACAO       15040                3AC0
MSG_ASKWALL             15077                3AE5
MSG_ERRO_PAREDE         15110                3B06
MSG_FIM_PROGRAMA        15137                3B21
MSG4_1                  15170                3B42
MSG4_2                  15178                3B4A
MSG4_3                  15189                3B55
MSG_TESTE               15199                3B5F
