Símbolo         Valor Decimal   Valor Hexadecimal
-------         -------------   -----------------
LOOP_IDENTIFICACAO        256                 100
JMP_WAIT_ENTER_0          268                 10C
PEDE_NUM_PAREDE           282                 11A
SE_POS_INICIAL            302                 12E
LOOP_DIGITA_PAREDE        314                 13A
ANALISA_SOLICITACAO_PAREDE      346                 15A
CORRIGE_CARACTERE         347                 15B
ERRO_PAREDE               405                 195
ERRO_PAREDE_WAIT_ENTER      421                 1A5
FIM_PROGRAMA              439                 1B7
ERRO_DESCONHECIDO         456                 1C8
DISPLAY_CLS               473                 1D9
ZERA_VARIAVEIS            630                 276
KBHIT                       0                   0
GETCHAR                     1                   1
PUTCHAR                     2                   2
PUTMSG                      3                   3
SETCURSOR                   4                   4
SETWALL                     5                   5
READ                        6                   6
MOVE00                      7                   7
MOVE                        8                   8
MOVING                      9                   9
GETCAMERA                  10                   A
_SISTEMA                  128                  80
ENTER                      13                   D
BACKSPACE                   8                   8
SPACE                      20                  14
ASCII_ZERO                 48                  30
ASCII_UM                   49                  31
ASCII_DOIS                 50                  32
ASCII_TRES                 51                  33
ASCII_QUATRO               52                  34
ASCII_CINCO                53                  35
ASCII_SEIS                 54                  36
ASCII_SETE                 55                  37
ASCII_OITO                 56                  38
ASCII_NOVE                 57                  39
ASCII_DESVIO               48                  30
AUX0                    15000                3A98
MSB_PAREDE              15001                3A99
LSB_PAREDE              15002                3A9A
TEMP_PAREDE             15003                3A9B
SEGUNDO_DIGITO          15004                3A9C
MSG_IDENTIFICACAO       15005                3A9D
MSG_ASKWALL             15042                3AC2
MSG_ERRO_PAREDE         15071                3ADF
MSG_FIM_PROGRAMA        15098                3AFA
MSG4_1                  15131                3B1B
MSG4_2                  15139                3B23
MSG4_3                  15150                3B2E
MSG_TESTE               15160                3B38
MSG_TESTE2              15194                3B5A
