Símbolo         Valor Decimal   Valor Hexadecimal
-------         -------------   -----------------
LOOP_IDENTIFICACAO        256                 100
JMP_WAIT_ENTER_0          268                 10C
ATALHO_PEDE_NUM_PAREDE      286                 11E
ATALHO2_PEDE_NUM_PAREDE      302                 12E
PEDE_NUM_PAREDE           318                 13E
ATALHO_SE_POS_INICIAL      342                 156
SE_POS_INICIAL            352                 160
LOOP_DIGITA_PAREDE        364                 16C
RETORNO_CORRIGE_CARACTERE      384                 180
ANALISA_SOLICITACAO_PAREDE      396                 18C
RETORNO_PAREDE_0ALGO      404                 194
SE_HOUVER_DIGITO_2        416                 1A0
RETORNO_PAREDE_10ALGO      420                 1A4
RETORNO_PAREDE_20ALGO      424                 1A8
RETORNO_PAREDE_30ALGO      428                 1AC
RETORNO_PAREDE_40ALGO      432                 1B0
RETORNO_PAREDE_50ALGO      436                 1B4
RETORNO_PAREDE_60ALGO      440                 1B8
RETORNO_PAREDE_70ALGO      444                 1BC
RETORNO_PAREDE_80ALGO      448                 1C0
RETORNO_PAREDE_90ALGO      452                 1C4
SE_N_HOUVER_DIGITO_2      456                 1C8
RETORNO_FIM_PROGRAMA      460                 1CC
RETORNO_PAREDE_8          520                 208
RETORNO_PAREDE_9          524                 20C
PAREDE_1                  534                 216
PAREDE_2                  550                 226
PAREDE_3                  566                 236
PAREDE_4                  582                 246
PAREDE_5                  598                 256
PAREDE_6                  614                 266
PAREDE_7                  630                 276
ATALHO_PAREDE_8           646                 286
PAREDE_8                  658                 292
ATALHO_PAREDE_9           674                 2A2
PAREDE_9                  686                 2AE
ATALHO_PAREDE_0ALGO       706                 2C2
PAREDE_0ALGO              718                 2CE
ATALHO_PAREDE_10ALGO      734                 2DE
PAREDE_10ALGO             746                 2EA
ATALHO_PAREDE_20ALGO      756                 2F4
PAREDE_20ALGO             768                 300
ATALHO_PAREDE_30ALGO      778                 30A
PAREDE_30ALGO             790                 316
ATALHO_PAREDE_40ALGO      800                 320
PAREDE_40ALGO             812                 32C
ATALHO_PAREDE_50ALGO      822                 336
PAREDE_50ALGO             834                 342
ATALHO_PAREDE_60ALGO      844                 34C
PAREDE_60ALGO             856                 358
ATALHO_PAREDE_70ALGO      866                 362
PAREDE_70ALGO             878                 36E
ATALHO_PAREDE_80ALGO      888                 378
PAREDE_80ALGO             900                 384
ATALHO_PAREDE_90ALGO      910                 38E
PAREDE_90ALGO             922                 39A
ANALISA_CARACTERE_2       932                 3A4
TESTE_SET_WALL            961                 3C1
RETORNO_ERRO_PAREDE       981                 3D5
LARGURA_DOISDIGITOS      1053                 41D
LARGURA_UMDIGITO         1058                 422
CHECA_ALTURA             1086                 43E
ALTURA_DOISDIGITOS       1098                 44A
ALTURA_UMDIGITO          1099                 44B
AGUARDA_COMANDO_1        1122                 462
RETORNO_PEDE_NUM_PAREDE     1134                 46E
CAMERA_ANALISE           1145                 479
CALCULA_LADRILHOS_PROXIMOS     1218                 4C2
A_POS1                   1218                 4C2
INCREMENTA_BONS          1239                 4D7
INCREMENTA_DANIF         1244                 4DC
INCREMENTA_VAZIO         1249                 4E1
INFORMA_ESTADO           1254                 4E6
AUX_SEVAZIO              1264                 4F0
AUX_COMP2                1280                 500
AUX_SEBOM                1290                 50A
AUX_COMP3                1306                 51A
END_AUXX                 1318                 526
DIGITOU_ALGO             1319                 527
DIGITADO                 1337                 539
RETORNO2_PEDE_NUM_PAREDE     1341                 53D
END_AUX                  1345                 541
ATALHO_ERRO_PAREDE       1346                 542
ATALHO_CORRIGE_CARACTERE     1356                 54C
CORRIGE_CARACTERE        1366                 556
RETORNO_SE_POS_INICIAL     1390                 56E
VERIFICA_ERRO_PAREDE     1426                 592
ERRO_PAREDE              1467                 5BB
ERRO_PAREDE_WAIT_ENTER     1483                 5CB
ATALHO_FIM_PROGRAMA      1501                 5DD
FIM_PROGRAMA             1513                 5E9
ERRO_DESCONHECIDO        1530                 5FA
DISPLAY_CLS              1547                 60B
ZERA_VARIAVEIS           1776                 6F0
TESTE_PASSOU             1801                 709
KBHIT                       0                   0
GETCHAR                     1                   1
PUTCHAR                     2                   2
PUTMSG                      3                   3
SETCURSOR                   4                   4
SETWALL                     5                   5
READ                        6                   6
MOVE00                      7                   7
MOVE                        8                   8
MOVING                      9                   9
GETCAMERA                  10                   A
_SISTEMA                  128                  80
ENTER                      13                   D
BACKSPACE                   8                   8
SPACE                      20                  14
ASCII_ZERO                 48                  30
ASCII_UM                   49                  31
ASCII_DOIS                 50                  32
ASCII_TRES                 51                  33
ASCII_QUATRO               52                  34
ASCII_CINCO                53                  35
ASCII_SEIS                 54                  36
ASCII_SETE                 55                  37
ASCII_OITO                 56                  38
ASCII_NOVE                 57                  39
ASCII_DESVIO               48                  30
AUX0                    15000                3A98
AUX1                    15001                3A99
TEMP_PAREDE                 0                   0
PRIMEIRO_DIGITO            48                  30
SEGUNDO_DIGITO             32                  20
LARGURA                     0                   0
ALTURA                      0                   0
LARGURA_ASCII               0                   0
ALTURA_ASCII                0                   0
BONS                        0                   0
DANIF                       0                   0
VAZIO                       0                   0
COORDENADA_X                0                   0
COORDENADA_Y                0                   0
MSG_IDENTIFICACAO       15002                3A9A
MSG_ASKWALL             15039                3ABF
MSG_ERRO_PAREDE         15068                3ADC
MSG_FIM_PROGRAMA        15095                3AF7
MSG4_1                  15128                3B18
MSG4_2                  15138                3B22
MSG4_3                  15152                3B30
MSG_COORDENADAS         15165                3B3D
MSG_DANIFICADO          15186                3B52
MSG_BOM                 15198                3B5E
MSG_VAZIO               15202                3B62
MSG_RESULTADO           15208                3B68
MSG_TESTE               15242                3B8A
MSG_TESTE_OK            15276                3BAC
MSG_PASSOU              15294                3BBE
