Símbolo         Valor Decimal   Valor Hexadecimal
-------         -------------   -----------------
_APP                      256                 100
_KRN_INT                32768                8000
_IOAREA16               65408                FF80
_IOAREA08               65472                FFC0
STACK                   65408                FF80
IVET                    65470                FFBE
TIMDT                   65495                FFD7
INTS                    65496                FFD8
INTE                    65497                FFD9
TECST                   65498                FFDA
TECDT                   65499                FFDB
VISOR                   65500                FFDC
CR                         13                   D
BS                          8                   8
VET_0                   32768                8000
VET_1                   32770                8002
VET_2                   32772                8004
VET_3                   32774                8006
VET_4                   32776                8008
VET_5                   32778                800A
VET_6                   32780                800C
VET_7                   32782                800E
CONTEUDO_R0                 0                   0
CONTEUDO_R1                 0                   0
CONTEUDO_R2                 0                   0
CONTEUDO_R3                 0                   0
CONTEUDO_R4                 0                   0
AUX_0                       0                   0
TEMPO_DEFINIDO              0                   0
INICIO_DISPLAY          65500                FFDC
DESCARTA_MSB              255                  FF
DISPLAY                 32784                8010
TECLA                   32820                8034
_RESET                  32822                8036
_KBHIT                  32904                8088
SEM_TECLA               32916                8094
COM_TECLA               32924                809C
_GETCHAR                32932                80A4
_PUTCHAR                32952                80B8
RETURN_PUTCHAR          32992                80E0
_PUTMSG                 32996                80E4
WHILE_PUTMSG            33024                8100
DISPLAY_OVERFLOW        33052                811C
RETURN_PUTMSG           33060                8124
_SETCURSOR              33068                812C
CURSOR_DESAPARECE       33086                813E
_START                  33094                8146
_READY                  33108                8154
TIME_OVER               33128                8168
ISR                     33140                8174
ISR2                    33164                818C
ISRTIM                  33169                8191
ISRTIM_FIM              33175                8197
GUARDA_REGISTRADORES    33176                8198
RESGATA_REGISTRADORES    33200                81B0
DISPLAY_CLS_SPACE       33224                81C8
DISPLAY_CLS_NULL        33446                82A6
LIMPA_BUFFER            33596                833C
RTS_R7                  33606                8346
