Símbolo         Valor Decimal   Valor Hexadecimal
-------         -------------   -----------------
_APP                      256                 100
_KRN_INT                32768                8000
_IOAREA16               65408                FF80
_IOAREA08               65472                FFC0
IVET                    65470                FFBE
TIMDT                   65495                FFD7
INTS                    65496                FFD8
INTE                    65497                FFD9
TECST                   65498                FFDA
TECDT                   65499                FFDB
VISOR                   65500                FFDC
CR                         13                   D
BS                          8                   8
VET_0                   32768                8000
VET_1                   32770                8002
VET_2                   32772                8004
VET_3                   32774                8006
VET_4                   32776                8008
VET_5                   32778                800A
VET_6                   32780                800C
VET_7                   32782                800E
_RESET                  32784                8010
_KBHIT                  32788                8014
_GETCHAR                32789                8015
_PUTCHAR                32790                8016
_PUTMSG                 32791                8017
_SETCURSOR              32792                8018
_START                  32793                8019
_READY                  32794                801A
