Símbolo         Valor Decimal   Valor Hexadecimal
-------         -------------   -----------------
_APP                      256                 100
_KRN_INT                32768                8000
_IOAREA16               65408                FF80
_IOAREA08               65472                FFC0
STACK                   65408                FF80
IVET                    65470                FFBE
TIMDT                   65495                FFD7
INTS                    65496                FFD8
INTE                    65497                FFD9
TECST                   65498                FFDA
TECDT                   65499                FFDB
VISOR                   65500                FFDC
CR                         13                   D
BS                          8                   8
VET_0                   32768                8000
VET_1                   32770                8002
VET_2                   32772                8004
VET_3                   32774                8006
VET_4                   32776                8008
VET_5                   32778                800A
VET_6                   32780                800C
VET_7                   32782                800E
CONTEUDO_R0                 0                   0
CONTEUDO_R1                 0                   0
CONTEUDO_R2                 0                   0
CONTEUDO_R3                 0                   0
CONTEUDO_R4                 0                   0
AUX_0                       0                   0
TEMPO_DEFINIDO              0                   0
INICIO_DISPLAY          65500                FFDC
DESCARTA_MSB              255                  FF
DISPLAY                 32784                8010
CARACTERE               32820                8034
TICKCNT                 32822                8036
TICK                    32824                8038
ANDAR                   32826                803A
POSICAO                 32828                803C
_RESET                  32830                803E
_KBHIT                  32908                808C
SEM_TECLA               32918                8096
COM_TECLA               32926                809E
_GETCHAR                32934                80A6
_PUTCHAR                32954                80BA
RETURN_PUTCHAR          32994                80E2
_PUTMSG                 32998                80E6
WHILE_PUTMSG            33026                8102
DISPLAY_OVERFLOW        33054                811E
RETURN_PUTMSG           33062                8126
_SETCURSOR              33070                812E
CURSOR_DESAPARECE       33088                8140
_START                  33096                8148
_READY                  33110                8156
TIME_OVER               33130                816A
ISR                     33142                8176
ISR2                    33166                818E
ISRTIM                  33171                8193
ISRTIM_FIM              33187                81A3
GUARDA_REGISTRADORES    33188                81A4
RESGATA_REGISTRADORES    33212                81BC
DISPLAY_CLS_SPACE       33236                81D4
DISPLAY_CLS_NULL        33458                82B2
LIMPA_BUFFER            33608                8348
RTS_R7                  33618                8352
